SMTP: blacksheepdesignscontact@gmail.com via smtp.gmail.com:587
List (master): 261 creators, 148 with public emails
Sendable now (all email contacts): 148

Previewing 3 of 148 email(s):

--- [1] Extra Focus Newsletter <jesse@adhdjesse.com> (64000 subs) ---
  Greeting: Hi Jesse,
Hi Jesse,

I've been watching your ADHD newsletter, digital workbooks content — especially your work around Notion and executive dysfunction.

I'm launching Focus Dock — a short PDF for viewers who keep abandoning ADHD Notion setups. It's not another template; it's a recovery protocol (minimal databases, executive-dysfunction-friendly tasks, no streak guilt). Complements what you already teach.

I...

--- [2] Chris Punt <contact@chrisnotion.com> (56200 subs) ---
  Greeting: Hi Chris,
Hi Chris,

I've been watching your Notion Life OS, systems, Gumroad templates content — especially your work around Notion and executive dysfunction.

I'm launching Focus Dock — a short PDF for viewers who keep abandoning ADHD Notion setups. It's not another template; it's a recovery protocol (minimal databases, executive-dysfunction-friendly tasks, no streak guilt). Complements what you already t...

--- [3] Marie Poulin <hello@mariepoulin.com> (46900 subs) ---
  Greeting: Hi Marie,
Hi Marie,

I've been watching your Notion Mastery, workflow design, ADHD-friendly workspaces content — especially your work around Notion and executive dysfunction.

I'm launching Focus Dock — a short PDF for viewers who keep abandoning ADHD Notion setups. It's not another template; it's a recovery protocol (minimal databases, executive-dysfunction-friendly tasks, no streak guilt). Complements wha...

[SENDING] Starting outreach to 148 contacts...
Sent to jesse@adhdjesse.com
Sent to contact@chrisnotion.com
Sent to hello@mariepoulin.com
@gmail.com via smtp.gmail.com:587
Gmail send policy:
  Daily max:     400 (Gmail hard limit: 500/rolling 24h)
  Hourly max:    50
  Warmup delays: 120s→90s→72s between sends (+ jitter)
  Batch pause:   180s every 25 sends
Sent last 24h: 2/400
List (master): 261 creators, 148 with public emails
Sendable now (all email contacts): 146

Previewing 3 of 146 email(s):

--- [1] Marie Poulin <hello@mariepoulin.com> (46900 subs) ---
  Greeting: Hi Marie,
Hi Marie,

I've been watching your Notion Mastery, workflow design, ADHD-friendly workspaces content — especially your work around Notion and executive dysfunction.

I'm launching Focus Dock — a short PDF for viewers who keep abandoning ADHD Notion setups. It's not another template; it's a recovery protocol (minimal databases, executive-dysfunction-friendly tasks, no streak guilt). Complements wha...

--- [2] ADHD for Smart Ass Women <mgmt@lilletblanc.com> (42000 subs) ---
  Greeting: Hi Tracy,
Hi Tracy,

I've been watching your ADHD in women, productivity content — especially your work around Notion and executive dysfunction.

I'm launching Focus Dock — a short PDF for viewers who keep abandoning ADHD Notion setups. It's not another template; it's a recovery protocol (minimal databases, executive-dysfunction-friendly tasks, no streak guilt). Complements what you already teach.

If it's ...

--- [3] Girl in Dungarees <u003eguidelines@patreon.com> (37200 subs) ---
  Greeting: Hi Girl,
Hi Girl,

I've been watching your ADHD body doubling, Notion planning content — especially your work around Notion and executive dysfunction.

I'm launching Focus Dock — a short PDF for viewers who keep abandoning ADHD Notion setups. It's not another template; it's a recovery protocol (minimal databases, executive-dysfunction-friendly tasks, no streak guilt). Complements what you already teach.

I...

[SENDING] Starting outreach to 146 contacts...
Sent to hello@mariepoulin.com (3/400 today, 3/50 this hour)
[WAIT] 121s before next send...
SMTP: blacksheepdesignscontact@gmail.com via smtp.gmail.com:587
Gmail send policy:
  Daily max:     400 (Gmail hard limit: 500/rolling 24h)
  Hourly max:    50
  Warmup delays: 120s→90s→72s between sends (+ jitter)
  Batch pause:   180s every 25 sends
Sent last 24h: 3/400
List (master): 261 creators, 148 with public emails
Sendable now (all email contacts): 145

Previewing 3 of 145 email(s):

--- [1] ADHD for Smart Ass Women <mgmt@lilletblanc.com> (42000 subs) ---
  Greeting: Hi Tracy,
Hi Tracy,

I've been watching your ADHD in women, productivity content — especially your work around Notion and executive dysfunction.

I'm launching Focus Dock — a short PDF for viewers who keep abandoning ADHD Notion setups. It's not another template; it's a recovery protocol (minimal databases, executive-dysfunction-friendly tasks, no streak guilt). Complements what you already teach.

If it's ...

--- [2] Girl in Dungarees <u003eguidelines@patreon.com> (37200 subs) ---
  Greeting: Hi Girl,
Hi Girl,

I've been watching your ADHD body doubling, Notion planning content — especially your work around Notion and executive dysfunction.

I'm launching Focus Dock — a short PDF for viewers who keep abandoning ADHD Notion setups. It's not another template; it's a recovery protocol (minimal databases, executive-dysfunction-friendly tasks, no streak guilt). Complements what you already teach.

I...

--- [3] ADHD Women's Wellbeing Podcast <katemoryoussef@gmail.com> (35000 subs) ---
  Greeting: Hi Kate,
Hi Kate,

I've been watching your ADHD in women, executive dysfunction content — especially your work around Notion and executive dysfunction.

I'm launching Focus Dock — a short PDF for viewers who keep abandoning ADHD Notion setups. It's not another template; it's a recovery protocol (minimal databases, executive-dysfunction-friendly tasks, no streak guilt). Complements what you already teach.

...

[SENDING] Starting outreach to 145 contacts...
Sent to mgmt@lilletblanc.com (4/400 today, 4/50 this hour)
[WAIT] 121s before next send...
SMTP: blacksheepdesignscontact@gmail.com via smtp.gmail.com:587
Gmail send policy:
  Daily max:     400 (Gmail hard limit: 500/rolling 24h)
  Hourly max:    50
  Warmup delays: 120s→90s→72s between sends (+ jitter)
  Batch pause:   180s every 25 sends
Sent last 24h: 4/400
List (master): 261 creators, 148 with public emails
Sendable now (all email contacts): 144

Previewing 3 of 144 email(s):

--- [1] Girl in Dungarees <u003eguidelines@patreon.com> (37200 subs) ---
  Greeting: Hi Girl,
Hi Girl,

I've been watching your ADHD body doubling, Notion planning content — especially your work around Notion and executive dysfunction.

I'm launching Focus Dock — a short PDF for viewers who keep abandoning ADHD Notion setups. It's not another template; it's a recovery protocol (minimal databases, executive-dysfunction-friendly tasks, no streak guilt). Complements what you already teach.

I...

--- [2] ADHD Women's Wellbeing Podcast <katemoryoussef@gmail.com> (35000 subs) ---
  Greeting: Hi Kate,
Hi Kate,

I've been watching your ADHD in women, executive dysfunction content — especially your work around Notion and executive dysfunction.

I'm launching Focus Dock — a short PDF for viewers who keep abandoning ADHD Notion setups. It's not another template; it's a recovery protocol (minimal databases, executive-dysfunction-friendly tasks, no streak guilt). Complements what you already teach.

...

--- [3] Systems Made Better <hello@bettercreating.com> (33600 subs) ---
  Greeting: Hi Simon,
Hi Simon,

I've been watching your Notion Life OS, AI productivity content — especially your work around Notion and executive dysfunction.

I'm launching Focus Dock — a short PDF for viewers who keep abandoning ADHD Notion setups. It's not another template; it's a recovery protocol (minimal databases, executive-dysfunction-friendly tasks, no streak guilt). Complements what you already teach.

If i...

[SENDING] Starting outreach to 144 contacts...
Sent to u003eguidelines@patreon.com (5/400 today, 5/50 this hour)
[WAIT] 121s before next send...
Sent to katemoryoussef@gmail.com (6/400 today, 6/50 this hour)
[WAIT] 124s before next send...
Sent to hello@bettercreating.com (7/400 today, 7/50 this hour)
[WAIT] 117s before next send...
Sent to gill.sugapong@gmail.com (8/400 today, 8/50 this hour)
[WAIT] 116s before next send...
Sent to vegantechnomad@gmail.com (9/400 today, 9/50 this hour)
[WAIT] 118s before next send...
Sent to hey@nicklafferty.com (10/400 today, 10/50 this hour)
[WAIT] 92s before next send...
Sent to emily@thriveadhdcoach.co.uk (11/400 today, 11/50 this hour)
[WAIT] 85s before next send...
Sent to nik@adhdvision.com (12/400 today, 12/50 this hour)
[WAIT] 95s before next send...
Sent to noreply@stuartridout.com (13/400 today, 13/50 this hour)
[WAIT] 92s before next send...
Sent to hello@translatingadhd.com (14/400 today, 14/50 this hour)
[WAIT] 98s before next send...
Sent to hi@focusmate.com (15/400 today, 15/50 this hour)
[WAIT] 85s before next send...
Sent to media@beyondbooksmart.com (16/400 today, 16/50 this hour)
[WAIT] 98s before next send...
Sent to support@focusbear.io (17/400 today, 17/50 this hour)
[WAIT] 95s before next send...
Sent to usefulplannershop@gmail.com (18/400 today, 18/50 this hour)
[WAIT] 96s before next send...
Sent to braelyn@myndforadhd.com (19/400 today, 19/50 this hour)
[WAIT] 98s before next send...
Sent to notionpascio@gmail.com (20/400 today, 20/50 this hour)
[WAIT] 90s before next send...
Sent to hello@plannerlover.com (21/400 today, 21/50 this hour)
[WAIT] 87s before next send...
Sent to theapperallab@gmail.com (22/400 today, 22/50 this hour)
[WAIT] 86s before next send...
Sent to chris@systemiz.com (23/400 today, 23/50 this hour)
[WAIT] 86s before next send...
Sent to hello@creatorpascal.com (24/400 today, 24/50 this hour)
[WAIT] 98s before next send...
Sent to carl@carlpullein.com (25/400 today, 25/50 this hour)
[WAIT] 95s before next send...
Sent to rach@adulting-adhd.com (26/400 today, 26/50 this hour)
[WAIT] 95s before next send...
Sent to info@juliebjelland.com (27/400 today, 27/50 this hour)
[WAIT] 98s before next send...
Sent to cn248@georgetown.edu (28/400 today, 28/50 this hour)
[WAIT] 97s before next send...
Sent to hello@tiimo.dk (29/400 today, 29/50 this hour)
[BATCH PAUSE] 180s after 25 sends (keeps Gmail happy)...
[WAIT] 89s before next send...
Sent to hello@missiondrive.com (30/400 today, 30/50 this hour)
[WAIT] 98s before next send...
Sent to phil@phildrinkwater.coach (31/400 today, 31/50 this hour)
[WAIT] 98s before next send...
Sent to support@brain.fm (32/400 today, 32/50 this hour)
[WAIT] 93s before next send...
Sent to customersupport@totallyadd.com (33/400 today, 33/50 this hour)
[WAIT] 88s before next send...
Sent to feedback@brili.com (34/400 today, 34/50 this hour)
[WAIT] 86s before next send...
Sent to micah@micahrich.com (35/400 today, 35/50 this hour)
[WAIT] 90s before next send...
Sent to info@orderoochaos.com (36/400 today, 36/50 this hour)
[WAIT] 95s before next send...
Sent to cate@catieosaurus.com (37/400 today, 37/50 this hour)
[WAIT] 94s before next send...
Sent to jesper@dramsch.net (38/400 today, 37/50 this hour)
[WAIT] 90s before next send...
Sent to ask@adhdfriendly.com (39/400 today, 37/50 this hour)
[WAIT] 89s before next send...
Sent to milo@notion4teachers.com (40/400 today, 36/50 this hour)
[WAIT] 74s before next send...
Traceback (most recent call last):
  File "/Users/cameron/focus-dock/marketing/email-campaign.py", line 466, in main
    "date": datetime.now().isoformat(),
  File "/Applications/Xcode.app/Contents/Developer/Library/Frameworks/Python3.framework/Versions/3.9/lib/python3.9/smtplib.py", line 981, in send_message
    return self.sendmail(from_addr, to_addrs, flatmsg, mail_options,
  File "/Applications/Xcode.app/Contents/Developer/Library/Frameworks/Python3.framework/Versions/3.9/lib/python3.9/smtplib.py", line 882, in sendmail
    raise SMTPSenderRefused(code, resp, from_addr)
smtplib.SMTPSenderRefused: (421, b'4.7.0 Connection expired, try reconnecting. For more information, go to\n4.7.0  https://support.google.com/a/answer/3221692 46e09a7af769-7ebcb2bae7fsm15255170a34.21 - gsmtp', 'blacksheepdesignscontact@gmail.com')

During handling of the above exception, another exception occurred:

Traceback (most recent call last):
  File "/Users/cameron/focus-dock/marketing/email-campaign.py", line 521, in <module>
    print(f"\nDone. Sent {sent_this_run} this run ({sent_24h}/{GMAIL_DAILY_MAX} in last 24h).")
  File "/Users/cameron/focus-dock/marketing/email-campaign.py", line 508, in main
    time.sleep(GMAIL_BATCH_PAUSE_SECONDS)
  File "/Applications/Xcode.app/Contents/Developer/Library/Frameworks/Python3.framework/Versions/3.9/lib/python3.9/smtplib.py", line 999, in quit
    res = self.docmd("quit")
  File "/Applications/Xcode.app/Contents/Developer/Library/Frameworks/Python3.framework/Versions/3.9/lib/python3.9/smtplib.py", line 426, in docmd
    self.putcmd(cmd, args)
  File "/Applications/Xcode.app/Contents/Developer/Library/Frameworks/Python3.framework/Versions/3.9/lib/python3.9/smtplib.py", line 373, in putcmd
    self.send(str)
  File "/Applications/Xcode.app/Contents/Developer/Library/Frameworks/Python3.framework/Versions/3.9/lib/python3.9/smtplib.py", line 365, in send
    raise SMTPServerDisconnected('please run connect() first')
smtplib.SMTPServerDisconnected: please run connect() first
SMTP: blacksheepdesignscontact@gmail.com via smtp.gmail.com:587
Gmail send policy:
  Daily max:     400 (Gmail hard limit: 500/rolling 24h)
  Hourly max:    50
  Warmup delays: 120s→90s→72s between sends (+ jitter)
  Batch pause:   180s every 25 sends
Sent last 24h: 0/400
List (master): 465 creators, 352 with public emails
Sendable now (all email contacts): 313

Previewing 3 of 313 email(s):

--- [1] Patricia Sung <hello@patriciasung.com> (12000 subs) ---
  Greeting: Hi Patricia,
Hi Patricia,

I've been watching your ADHD productivity podcast for moms, time management content — especially your work around Notion and executive dysfunction.

I'm launching Focus Dock — a short PDF for viewers who keep abandoning ADHD Notion setups. It's not another template; it's a recovery protocol (minimal databases, executive-dysfunction-friendly tasks, no streak guilt). Complements what y...

--- [2] ND Out Loud <danielle@ndhive.com> (10000 subs) ---
  Greeting: Hi Danielle,
Hi Danielle,

I've been watching your ND Out Loud neurodivergent podcast/community content — especially your work around Notion and executive dysfunction.

I'm launching Focus Dock — a short PDF for viewers who keep abandoning ADHD Notion setups. It's not another template; it's a recovery protocol (minimal databases, executive-dysfunction-friendly tasks, no streak guilt). Complements what you alre...

--- [3] Faissal Sharif <notion@faissalsharif.com> (9000 subs) ---
  Greeting: Hi Faissal,
Hi Faissal,

I've been watching your Notion templates, productivity systems content — especially your work around Notion and executive dysfunction.

I'm launching Focus Dock — a short PDF for viewers who keep abandoning ADHD Notion setups. It's not another template; it's a recovery protocol (minimal databases, executive-dysfunction-friendly tasks, no streak guilt). Complements what you already tea...

[SENDING] Starting outreach to 313 contacts...
Sent to hello@patriciasung.com (1/400 today, 1/50 this hour)
[WAIT] 127s before next send...
Sent to danielle@ndhive.com (2/400 today, 2/50 this hour)
[WAIT] 115s before next send...
Sent to notion@faissalsharif.com (3/400 today, 3/50 this hour)
[WAIT] 122s before next send...
Sent to bmahan@brendanmahan.com (4/400 today, 4/50 this hour)
[WAIT] 116s before next send...
Sent to alex@dysfunctionalcreative.com (5/400 today, 5/50 this hour)
[WAIT] 123s before next send...
Sent to hafsahi.business@gmail.com (6/400 today, 6/50 this hour)
[WAIT] 122s before next send...
Sent to ideala.template@gmail.com (7/400 today, 7/50 this hour)
[WAIT] 121s before next send...
Sent to hello@notomantra.com (8/400 today, 8/50 this hour)
[WAIT] 124s before next send...
Sent to desbyseb@gmail.com (9/400 today, 9/50 this hour)
[WAIT] 120s before next send...
Sent to info@mikeandmatty.com (10/400 today, 10/50 this hour)
[WAIT] 95s before next send...
Sent to aarnathakourzz@gmail.com (11/400 today, 11/50 this hour)
[WAIT] 93s before next send...
Sent to aarontheproductiveguy@gmail.com (12/400 today, 12/50 this hour)
[WAIT] 98s before next send...
Sent to ujjwal@adoptai.ca (13/400 today, 13/50 this hour)
[WAIT] 92s before next send...
Sent to chrimni-adnan@hotmail.com (14/400 today, 14/50 this hour)
[WAIT] 93s before next send...
Sent to ahkroyal0@gmail.com (15/400 today, 15/50 this hour)
[WAIT] 98s before next send...
Sent to ahmedelezaby1990@gmail.com (16/400 today, 16/50 this hour)
[WAIT] 95s before next send...
Sent to helloruthng@gmail.com (17/400 today, 17/50 this hour)
[WAIT] 95s before next send...
Sent to akshayasridhar2003@gmail.com (18/400 today, 18/50 this hour)
[WAIT] 92s before next send...
Sent to akshayraveendran84@gmail.com (19/400 today, 19/50 this hour)
[WAIT] 88s before next send...
Sent to alexandre.trzmiel@gmail.com (20/400 today, 20/50 this hour)
[WAIT] 94s before next send...
Sent to krammeraliz@gmail.com (21/400 today, 21/50 this hour)
[WAIT] 97s before next send...
Sent to altitude.workspace1@gmail.com (22/400 today, 22/50 this hour)
[WAIT] 94s before next send...
Sent to ahmedmaamoun2025@gmail.com (23/400 today, 23/50 this hour)
[WAIT] 95s before next send...
Sent to aminanahkami@gmail.com (24/400 today, 24/50 this hour)
[WAIT] 96s before next send...
Sent to anna.newchurch@gmail.com (25/400 today, 25/50 this hour)
[BATCH PAUSE] 180s after 25 sends (keeps Gmail happy)...
[WAIT] 96s before next send...
Sent to anicka.novackova@icloud.com (26/400 today, 26/50 this hour)
[WAIT] 90s before next send...
Sent to info@anthonytoday.com (27/400 today, 27/50 this hour)
[WAIT] 95s before next send...
Sent to 9.aparna@gmail.com (28/400 today, 28/50 this hour)
[WAIT] 87s before next send...
Sent to aviralpoudal@gmail.com (29/400 today, 29/50 this hour)
[WAIT] 93s before next send...
Sent to alan.lea08@outlook.com (30/400 today, 30/50 this hour)
[WAIT] 95s before next send...
Sent to bearsthy@gmail.com (31/400 today, 31/50 this hour)
[WAIT] 94s before next send...
Sent to ben.taylor@optiopp.com (32/400 today, 32/50 this hour)
[WAIT] 92s before next send...
Sent to hello@bogdancozma.co (33/400 today, 32/50 this hour)
[WAIT] 90s before next send...
Sent to brainblocs@gmail.com (34/400 today, 33/50 this hour)
[WAIT] 90s before next send...
Sent to liamtf1216@outlook.com (35/400 today, 33/50 this hour)
[WAIT] 91s before next send...
Sent to isbn13.books@gmail.com (36/400 today, 33/50 this hour)
[WAIT] 96s before next send...
Sent to coffeeandcatslife@gmail.com (37/400 today, 33/50 this hour)
[WAIT] 96s before next send...
Sent to caroline.cerbelaud@gmail.com (38/400 today, 33/50 this hour)
[WAIT] 87s before next send...
Sent to quirkly.life@gmail.com (39/400 today, 34/50 this hour)
[WAIT] 92s before next send...
Sent to cheese.notion@gmail.com (40/400 today, 34/50 this hour)
[WAIT] 79s before next send...
Sent to creatdbyjay@gmail.com (41/400 today, 34/50 this hour)
[WAIT] 79s before next send...
Sent to creatordrschmidt@gmail.com (42/400 today, 35/50 this hour)
[WAIT] 71s before next send...
Sent to tadeascontact@gmail.com (43/400 today, 35/50 this hour)
[WAIT] 74s before next send...
Sent to danilaputintsev2512@gmail.com (44/400 today, 35/50 this hour)
[WAIT] 69s before next send...
Sent to dashsmith.studio@gmail.com (45/400 today, 36/50 this hour)
[WAIT] 80s before next send...
Sent to contact@dearpluto.xyz (46/400 today, 37/50 this hour)
[WAIT] 69s before next send...
Sent to hey@debbielee.co.uk (47/400 today, 38/50 this hour)
[WAIT] 77s before next send...
Sent to hello@digitalodes.com (48/400 today, 38/50 this hour)
[WAIT] 73s before next send...
Sent to contact@cyclonic.fr (49/400 today, 38/50 this hour)
[WAIT] 79s before next send...
Sent to doridoriss.sun@gmail.com (50/400 today, 39/50 this hour)
[BATCH PAUSE] 180s after 50 sends (keeps Gmail happy)...
[WAIT] 68s before next send...
Sent to dr.osama.optimize@gmail.com (51/400 today, 37/50 this hour)
[WAIT] 78s before next send...
Sent to officialgoodlife365@gmail.com (52/400 today, 37/50 this hour)
[WAIT] 74s before next send...
Sent to stranatic.browsing348@passmail.net (53/400 today, 37/50 this hour)
[WAIT] 74s before next send...
Sent to ellenyanduko@gmail.com (54/400 today, 38/50 this hour)
[WAIT] 69s before next send...
Sent to emmett.patton@gmail.com (55/400 today, 38/50 this hour)
[WAIT] 75s before next send...
Sent to everdeerstudio@gmail.com (56/400 today, 38/50 this hour)
[WAIT] 70s before next send...
Sent to kingandwede136@gmail.com (57/400 today, 38/50 this hour)
[WAIT] 78s before next send...
Sent to fabio.sangregorio+notiontemplates@gmail.com (58/400 today, 38/50 this hour)
[WAIT] 78s before next send...
Sent to medoo.ua82@gmail.com (59/400 today, 39/50 this hour)
[WAIT] 74s before next send...
Sent to katie@fieldingnotes.com (60/400 today, 39/50 this hour)
[WAIT] 71s before next send...
Sent to viktoweb@proton.me (61/400 today, 39/50 this hour)
[WAIT] 72s before next send...
Sent to notion.growl812@passfwd.com (62/400 today, 39/50 this hour)
[WAIT] 69s before next send...
Sent to fire006713@gmail.com (63/400 today, 40/50 this hour)
[WAIT] 76s before next send...
Sent to so.zera.ds@gmail.com (64/400 today, 40/50 this hour)
[WAIT] 69s before next send...
Sent to rich@generousforms.com (65/400 today, 40/50 this hour)
[WAIT] 75s before next send...
Sent to abidatfouziya@gmail.com (66/400 today, 41/50 this hour)
[WAIT] 67s before next send...
Sent to chenxing556@gmail.com (67/400 today, 42/50 this hour)
[WAIT] 71s before next send...
Sent to golestaneh@fynk.com (68/400 today, 43/50 this hour)
[WAIT] 78s before next send...
Sent to gearstore943@gmail.com (69/400 today, 43/50 this hour)
[WAIT] 75s before next send...
Sent to geekcodeq@gmail.com (70/400 today, 41/50 this hour)
[WAIT] 79s before next send...
Sent to greg.rastkelenian@gmail.com (71/400 today, 41/50 this hour)
[WAIT] 70s before next send...
Sent to guillaumedaniel@outlook.com (72/400 today, 39/50 this hour)
[WAIT] 67s before next send...
Sent to customersuccessteam@saasdesign.io (73/400 today, 27/50 this hour)
[WAIT] 76s before next send...
Sent to contact@heyalbert.co (74/400 today, 27/50 this hour)
[WAIT] 76s before next send...
Sent to heymsyo@gmail.com (75/400 today, 27/50 this hour)
[BATCH PAUSE] 180s after 75 sends (keeps Gmail happy)...
[WAIT] 80s before next send...
Sent to humaniaq.com@gmail.com (76/400 today, 26/50 this hour)
[WAIT] 72s before next send...
Sent to kira.contactme@gmail.com (77/400 today, 27/50 this hour)
[WAIT] 69s before next send...
Sent to imene@thedigicrafters.com (78/400 today, 27/50 this hour)
[WAIT] 75s before next send...
Sent to imminotion@gmail.com (79/400 today, 27/50 this hour)
[WAIT] 77s before next send...
Sent to isabela.pdigital@gmail.com (80/400 today, 27/50 this hour)
[WAIT] 75s before next send...
Sent to info@offmap.co (81/400 today, 27/50 this hour)
[WAIT] 68s before next send...
Sent to kislombek98@gmail.com (82/400 today, 27/50 this hour)
[WAIT] 80s before next send...
Sent to hamsaitech@gmail.com (83/400 today, 27/50 this hour)
[WAIT] 67s before next send...
Sent to contact@jadelearns.com (84/400 today, 27/50 this hour)
[WAIT] 67s before next send...
Sent to jaquelineantunesdeoliveira@gmail.com (85/400 today, 27/50 this hour)
[WAIT] 80s before next send...
Sent to jessica@jessicayankell.com (86/400 today, 27/50 this hour)
[WAIT] 68s before next send...
Sent to templates@jithinrajiv.com (87/400 today, 27/50 this hour)
[WAIT] 76s before next send...
Sent to fxjournalstats@gmail.com (88/400 today, 27/50 this hour)
[WAIT] 77s before next send...
Sent to jonah@wirths-automation.de (89/400 today, 27/50 this hour)
[WAIT] 77s before next send...
Sent to joni.m.silvennoinen@gmail.com (90/400 today, 18/50 this hour)
[WAIT] 74s before next send...
Sent to cmcvldz231@gmail.com (91/400 today, 19/50 this hour)
[WAIT] 71s before next send...
Sent to its.karin.wei@gmail.com (92/400 today, 20/50 this hour)
[WAIT] 68s before next send...
Sent to katiacreatestemplates@gmail.com (93/400 today, 21/50 this hour)
[WAIT] 72s before next send...
Sent to keerthana25selvi@gmail.com (94/400 today, 21/50 this hour)
[WAIT] 73s before next send...
Sent to kb.customdesign24@gmail.com (95/400 today, 21/50 this hour)
[WAIT] 70s before next send...
Sent to info@kimpinelli.com (96/400 today, 21/50 this hour)
[WAIT] 70s before next send...
Sent to andrewm4452@gmail.com (97/400 today, 22/50 this hour)
[WAIT] 79s before next send...
Sent to kitrose.templates@gmail.com (98/400 today, 23/50 this hour)
[WAIT] 75s before next send...
Sent to krypticjade@gmail.com (99/400 today, 24/50 this hour)
[WAIT] 69s before next send...
Sent to lakwaddivyendu@gmail.com (100/400 today, 24/50 this hour)
[BATCH PAUSE] 180s after 100 sends (keeps Gmail happy)...
[WAIT] 79s before next send...
Sent to lautaro.rojas02@gmail.com (101/400 today, 21/50 this hour)
[WAIT] 73s before next send...
Sent to icamessertorres@gmail.com (102/400 today, 21/50 this hour)
[WAIT] 76s before next send...
Sent to support@lifecanvas.store (103/400 today, 21/50 this hour)
[WAIT] 73s before next send...
Sent to hipp.th123@gmail.com (104/400 today, 21/50 this hour)
[WAIT] 75s before next send...
Sent to lulu@wahidin.net (105/400 today, 21/50 this hour)
[WAIT] 76s before next send...
Sent to mahita.info@gmail.com (106/400 today, 21/50 this hour)
[WAIT] 68s before next send...
Sent to sitimainurra97@gmail.com (107/400 today, 21/50 this hour)
[WAIT] 77s before next send...
Sent to majd.g.alsurihi@gmail.com (108/400 today, 21/50 this hour)
[WAIT] 76s before next send...
Sent to marie_notion@outlook.com (109/400 today, 21/50 this hour)
[WAIT] 77s before next send...
Sent to msmariam97532306@gmail.com (110/400 today, 21/50 this hour)
[WAIT] 67s before next send...
Sent to mh.notiontemplate@gmail.com (111/400 today, 22/50 this hour)
[WAIT] 71s before next send...
Sent to michael@missionaccomplished.io (112/400 today, 23/50 this hour)
[WAIT] 68s before next send...
Sent to info@rawgai.com (113/400 today, 24/50 this hour)
[WAIT] 80s before next send...
Sent to mike@newstate.io (114/400 today, 25/50 this hour)
[WAIT] 79s before next send...
Sent to modrastudio@proton.me (115/400 today, 26/50 this hour)
[WAIT] 70s before next send...
Sent to moducura@outlook.de (116/400 today, 27/50 this hour)
[WAIT] 71s before next send...
Sent to emanalshazly@gmail.com (117/400 today, 28/50 this hour)
[WAIT] 77s before next send...
Sent to mrhaque991@gmail.com (118/400 today, 29/50 this hour)
[WAIT] 68s before next send...
Sent to naiaraambrosios@gmail.com (119/400 today, 30/50 this hour)
[WAIT] 69s before next send...
Sent to contact.notion4business@gmail.com (120/400 today, 31/50 this hour)
[WAIT] 69s before next send...
Sent to ian@newblocs.co (121/400 today, 32/50 this hour)
[WAIT] 79s before next send...
Sent to ninis.desk@gmail.com (122/400 today, 33/50 this hour)
[WAIT] 68s before next send...
Sent to admin@nodi.so (123/400 today, 34/50 this hour)
[WAIT] 75s before next send...
Sent to alex@alexnoles.com (124/400 today, 35/50 this hour)
[WAIT] 78s before next send...
Sent to wiredinwonder@gmail.com (125/400 today, 36/50 this hour)
[BATCH PAUSE] 180s after 125 sends (keeps Gmail happy)...
[WAIT] 80s before next send...
Sent to hello@norean.co (126/400 today, 37/50 this hour)
[WAIT] 71s before next send...
Sent to welcome@notioners.com (127/400 today, 38/50 this hour)
[WAIT] 76s before next send...
Sent to matt@heycomma.co (128/400 today, 39/50 this hour)
[WAIT] 72s before next send...
Sent to novalife.studio@gmail.com (129/400 today, 40/50 this hour)
[WAIT] 71s before next send...
Sent to notionstations@gmail.com (130/400 today, 41/50 this hour)
[WAIT] 76s before next send...
Sent to oliviacaitlyn.contact@gmail.com (131/400 today, 42/50 this hour)
[WAIT] 67s before next send...
Sent to orioncrest18@gmail.com (132/400 today, 43/50 this hour)
[WAIT] 79s before next send...
Sent to digitalsetco@gmail.com (133/400 today, 44/50 this hour)
[WAIT] 75s before next send...
Sent to pamori.tree@gmail.com (134/400 today, 44/50 this hour)
[WAIT] 69s before next send...
Sent to support@papermark.com (135/400 today, 44/50 this hour)
[WAIT] 73s before next send...
Sent to hello@paulfleury.fr (136/400 today, 44/50 this hour)
[WAIT] 71s before next send...
Sent to jeddys270@gmail.com (137/400 today, 44/50 this hour)
[WAIT] 67s before next send...
Sent to tidybyfeb@gmail.com (138/400 today, 44/50 this hour)
[WAIT] 73s before next send...
Sent to rajlaxmimadundi97611@gmail.com (139/400 today, 44/50 this hour)
[WAIT] 76s before next send...
Sent to start@useplox.life (140/400 today, 44/50 this hour)
[WAIT] 75s before next send...
Sent to powerofhabits.mail@gmail.com (141/400 today, 44/50 this hour)
[WAIT] 70s before next send...
Sent to theproductivityhq@gmail.com (142/400 today, 44/50 this hour)
[WAIT] 76s before next send...
Sent to hello@quillandsteel.com (143/400 today, 44/50 this hour)
[WAIT] 67s before next send...
Sent to hayley@redcapecounselling.com (144/400 today, 44/50 this hour)
[WAIT] 69s before next send...
Sent to ricosuavemusica@gmail.com (145/400 today, 45/50 this hour)
[WAIT] 78s before next send...
Sent to nene.henearkrxern.919@gmail.com (146/400 today, 46/50 this hour)
[WAIT] 75s before next send...
Sent to arianaholder.med@gmail.com (147/400 today, 46/50 this hour)
[WAIT] 70s before next send...
Sent to support@sarwarazam.com (148/400 today, 46/50 this hour)
[WAIT] 74s before next send...
Sent to seawal61@gmail.com (149/400 today, 46/50 this hour)
[WAIT] 70s before next send...
Sent to contact@sectorops.com (150/400 today, 47/50 this hour)
[BATCH PAUSE] 180s after 150 sends (keeps Gmail happy)...
[WAIT] 70s before next send...
Sent to support@sentele.co (151/400 today, 44/50 this hour)
[WAIT] 68s before next send...
Sent to shafayet.hossain@zaitunigroup.com (152/400 today, 44/50 this hour)
[WAIT] 69s before next send...
Sent to toma@silastoma.com (153/400 today, 44/50 this hour)
[WAIT] 76s before next send...
Sent to s01237586@gmail.com (154/400 today, 44/50 this hour)
[WAIT] 77s before next send...
Sent to sinchxnx24sr@gmail.com (155/400 today, 44/50 this hour)
[WAIT] 80s before next send...
Sent to sofia.arraiza@gmail.com (156/400 today, 44/50 this hour)
[WAIT] 68s before next send...
Sent to sophiatemplates1@gmail.com (157/400 today, 44/50 this hour)
[WAIT] 72s before next send...
Sent to 1024ittyan@gmail.com (158/400 today, 44/50 this hour)
[WAIT] 69s before next send...
Sent to soulfulspaceco@gmail.com (159/400 today, 44/50 this hour)
[WAIT] 76s before next send...
Sent to hello@sprkit.co (160/400 today, 44/50 this hour)
[WAIT] 71s before next send...
Sent to starringmoon8@gmail.com (161/400 today, 44/50 this hour)
[WAIT] 78s before next send...
Sent to studioclarify@gmail.com (162/400 today, 44/50 this hour)
[WAIT] 76s before next send...
Sent to sudeozcan1205@gmail.com (163/400 today, 44/50 this hour)
[WAIT] 77s before next send...
Sent to lorenzana.carlo@outlook.com (164/400 today, 44/50 this hour)
[WAIT] 79s before next send...
Sent to heymaro.co@gmail.com (165/400 today, 33/50 this hour)
[WAIT] 76s before next send...
Sent to systemswitherika@gmail.com (166/400 today, 21/50 this hour)
[WAIT] 69s before next send...
Sent to connect.tcodestudio@gmail.com (167/400 today, 10/50 this hour)
[WAIT] 72s before next send...
Sent to femyzon@gmail.com (168/400 today, 10/50 this hour)
[WAIT] 69s before next send...
Sent to misslialove21@gmail.com (169/400 today, 10/50 this hour)
[WAIT] 74s before next send...
Sent to yrachad08@gmail.com (170/400 today, 10/50 this hour)
[WAIT] 67s before next send...
Sent to qaseamai98@hotmail.com (171/400 today, 10/50 this hour)
[WAIT] 74s before next send...
Sent to thatvibecoder@gmail.com (172/400 today, 10/50 this hour)
[WAIT] 74s before next send...
Sent to djangonaire@gmail.com (173/400 today, 10/50 this hour)
[WAIT] 79s before next send...
Sent to mshuecodev@gmail.com (174/400 today, 10/50 this hour)
[WAIT] 80s before next send...
Sent to notion@ericaoconnor.com (175/400 today, 11/50 this hour)
[BATCH PAUSE] 180s after 175 sends (keeps Gmail happy)...
[WAIT] 71s before next send...
Sent to siddhwagawad@gmail.com (176/400 today, 12/50 this hour)
[WAIT] 69s before next send...
Sent to tvysny@gmail.com (177/400 today, 13/50 this hour)
[WAIT] 78s before next send...
Sent to support@tristargymdigital.com (178/400 today, 14/50 this hour)
[WAIT] 79s before next send...
Sent to singh.utkarsh.aps@gmail.com (179/400 today, 15/50 this hour)
[WAIT] 71s before next send...
Sent to arda.12.2016@gmail.com (180/400 today, 16/50 this hour)
[WAIT] 78s before next send...
Sent to veacruz.contact@gmail.com (181/400 today, 17/50 this hour)
[WAIT] 71s before next send...
Sent to vladimirmarshal108@gmail.com (182/400 today, 18/50 this hour)
[WAIT] 69s before next send...
Sent to vpmproductivity@gmail.com (183/400 today, 19/50 this hour)
[WAIT] 77s before next send...
Sent to danieljschwarz.contact@gmail.com (184/400 today, 20/50 this hour)
[WAIT] 78s before next send...
Sent to worldbuilderscavern@gmail.com (185/400 today, 21/50 this hour)
[WAIT] 78s before next send...
Sent to hello@ympact.agency (186/400 today, 21/50 this hour)
[WAIT] 80s before next send...
Sent to yourleadmap@gmail.com (187/400 today, 22/50 this hour)
[WAIT] 74s before next send...
Sent to ziad.waleedeg07@gmail.com (188/400 today, 23/50 this hour)
[WAIT] 76s before next send...
Sent to zakaria.taoussi03@gmail.com (189/400 today, 24/50 this hour)
[WAIT] 76s before next send...
Sent to harrisonsnotions@gmail.com (190/400 today, 25/50 this hour)
[WAIT] 67s before next send...
Sent to jakub.miovsky@gmail.com (191/400 today, 26/50 this hour)
[WAIT] 67s before next send...
Sent to camille@nyteo.fr (192/400 today, 27/50 this hour)
[WAIT] 71s before next send...
Sent to sanchana@streamaline.com (193/400 today, 28/50 this hour)
[WAIT] 74s before next send...
Sent to soltwagner@gmail.com (194/400 today, 29/50 this hour)
[WAIT] 77s before next send...
Sent to dicosdice4@gmail.com (195/400 today, 30/50 this hour)
[WAIT] 77s before next send...
Sent to salsasource31@gmail.com (196/400 today, 31/50 this hour)
[WAIT] 70s before next send...
Sent to marina@quietmode.co (197/400 today, 32/50 this hour)
[WAIT] 72s before next send...
Sent to template@nataschabuck.com (198/400 today, 33/50 this hour)
[WAIT] 73s before next send...
Sent to support@igeekuplay.com (199/400 today, 33/50 this hour)
[WAIT] 71s before next send...
Sent to nosion.0000@gmail.com (200/400 today, 34/50 this hour)
[BATCH PAUSE] 180s after 200 sends (keeps Gmail happy)...
[WAIT] 72s before next send...
Sent to heymatchavibe@gmail.com (201/400 today, 35/50 this hour)
[WAIT] 68s before next send...
Sent to heyedrian@gmail.com (202/400 today, 36/50 this hour)
[WAIT] 70s before next send...
Sent to hello@louattal.studio (203/400 today, 37/50 this hour)
[WAIT] 76s before next send...
Sent to support@nofi.so (204/400 today, 38/50 this hour)
[WAIT] 80s before next send...
Sent to rosidssoy@gmail.com (205/400 today, 39/50 this hour)
[WAIT] 78s before next send...
Sent to contact@mostafayasser.com (206/400 today, 40/50 this hour)
[WAIT] 77s before next send...
Sent to hello@notionhive.com (207/400 today, 41/50 this hour)
[WAIT] 77s before next send...
Sent to sondos@sondosyasser.com (208/400 today, 42/50 this hour)
[WAIT] 75s before next send...
Sent to navhturnotes@gmail.com (209/400 today, 43/50 this hour)
[WAIT] 74s before next send...
Sent to christopher.john.wynn@gmail.com (210/400 today, 44/50 this hour)
[WAIT] 72s before next send...
Sent to alex@anotioneer.com (211/400 today, 32/50 this hour)
[WAIT] 74s before next send...
Sent to jim@addchieve.com (212/400 today, 32/50 this hour)
[WAIT] 80s before next send...
Sent to roxana.cardos@gmail.com (213/400 today, 32/50 this hour)
[WAIT] 72s before next send...
Sent to jack@adhdcoach.com.au (214/400 today, 32/50 this hour)
[WAIT] 77s before next send...
Sent to adhdcoachct@gmail.com (215/400 today, 32/50 this hour)
[WAIT] 71s before next send...
Sent to duprasjacquelyn@gmail.com (216/400 today, 32/50 this hour)
[WAIT] 68s before next send...
Sent to tracy@tracyotsuka.com (217/400 today, 32/50 this hour)
[WAIT] 75s before next send...
Sent to hello@adhdnurse.ca (218/400 today, 32/50 this hour)
[WAIT] 72s before next send...
Sent to info@adhdwithally.com (219/400 today, 32/50 this hour)
[WAIT] 78s before next send...
Sent to Rachel@ADHDCoachMe.com (220/400 today, 32/50 this hour)
[WAIT] 70s before next send...
Sent to brave@adventcoach.com (221/400 today, 33/50 this hour)
[WAIT] 70s before next send...
Sent to allison@allisonkirschcoaching.com (222/400 today, 33/50 this hour)
[WAIT] 73s before next send...
Sent to jamie@alongtheirway.com (223/400 today, 33/50 this hour)
[WAIT] 72s before next send...
Sent to carlos@bayareaadhdcoach.com (224/400 today, 32/50 this hour)
[WAIT] 73s before next send...
Sent to berkeley@berkeleygardnercoaching.com (225/400 today, 32/50 this hour)
[BATCH PAUSE] 180s after 225 sends (keeps Gmail happy)...
[WAIT] 78s before next send...
Sent to beth@bethmarshcoaching.com (226/400 today, 30/50 this hour)
[WAIT] 67s before next send...
Sent to notion@bettercreating.com (227/400 today, 30/50 this hour)
[WAIT] 74s before next send...
Sent to brightercoach@gmail.com (228/400 today, 30/50 this hour)
[WAIT] 67s before next send...
Sent to irena@busybrain.coach (229/400 today, 30/50 this hour)
[WAIT] 68s before next send...
Sent to theunorthodoxcoach@gmail.com (230/400 today, 30/50 this hour)
[WAIT] 80s before next send...
Sent to charlotte@adhdcoachldn.com (231/400 today, 31/50 this hour)
[WAIT] 78s before next send...
Sent to sally@coachwithsally.com (232/400 today, 32/50 this hour)
[WAIT] 79s before next send...
Sent to Linda@coachlindawalker.com (233/400 today, 32/50 this hour)
[WAIT] 72s before next send...
Sent to bethany@compasscoachingseattle.com (234/400 today, 32/50 this hour)
[WAIT] 70s before next send...
Sent to dmaher@danamahercoaching.com (235/400 today, 32/50 this hour)
[WAIT] 74s before next send...
Sent to moveforward@adhdsuccess.co.uk (236/400 today, 32/50 this hour)
[WAIT] 76s before next send...
Sent to coach@e3focuscoaching.com (237/400 today, 32/50 this hour)
[WAIT] 74s before next send...
Sent to hello@gridfiti.com (238/400 today, 32/50 this hour)
[WAIT] 73s before next send...
Sent to deirdre@happyplaceorganizing.com (239/400 today, 32/50 this hour)
[WAIT] 68s before next send...
Sent to kelly@intentionaladhd.com (240/400 today, 33/50 this hour)
[WAIT] 76s before next send...
Sent to jane.d.schwartz@gmail.com (241/400 today, 33/50 this hour)
[WAIT] 75s before next send...
Sent to john@zeroincoaching.com (242/400 today, 33/50 this hour)
[WAIT] 69s before next send...
Sent to jonathan@jonathanfrench.ca (243/400 today, 33/50 this hour)
[WAIT] 68s before next send...
Sent to Linda@JoyofGTD.com (244/400 today, 34/50 this hour)
[WAIT] 73s before next send...
Sent to julia@trustinyou.ca (245/400 today, 35/50 this hour)
[WAIT] 80s before next send...
Sent to julie@jadhdcoach.com (246/400 today, 36/50 this hour)
[WAIT] 70s before next send...
Sent to Karly@altogetheradhd.com (247/400 today, 37/50 this hour)
[WAIT] 69s before next send...
Sent to info@kirstendonaghey.com (248/400 today, 38/50 this hour)
[WAIT] 69s before next send...
Sent to karla.adhdcoach@gmail.com (249/400 today, 39/50 this hour)
[WAIT] 74s before next send...
Sent to dorsey@livehappyadhd.com (250/400 today, 40/50 this hour)
[BATCH PAUSE] 180s after 250 sends (keeps Gmail happy)...
[WAIT] 74s before next send...
Sent to liz@lizwelshman.com (251/400 today, 41/50 this hour)
[WAIT] 71s before next send...
Sent to valerie@lotis.solutions (252/400 today, 42/50 this hour)
[WAIT] 74s before next send...
Sent to ADDgiftscoach@verizon.net (253/400 today, 43/50 this hour)
[WAIT] 69s before next send...
Sent to hello@mariepierrochon.com (254/400 today, 44/50 this hour)
[WAIT] 71s before next send...
Sent to nicola@mayhemmanagementcoaching.ca (255/400 today, 44/50 this hour)
[WAIT] 74s before next send...
Sent to coach@micheletoner.com (256/400 today, 44/50 this hour)
[WAIT] 78s before next send...
Sent to myrefocuscoach@gmail.com (257/400 today, 44/50 this hour)
[WAIT] 78s before next send...
Sent to enquiries@naturallypaul.com (258/400 today, 44/50 this hour)
[WAIT] 69s before next send...
Sent to neuroinclusivecoach@gmail.com (259/400 today, 44/50 this hour)
[WAIT] 75s before next send...
Sent to tony@nomadd.coach (260/400 today, 44/50 this hour)
[WAIT] 70s before next send...
Sent to info@notionproviders.com (261/400 today, 44/50 this hour)
[WAIT] 69s before next send...
Sent to hyphenslash123@gmail.com (262/400 today, 44/50 this hour)
[WAIT] 71s before next send...
Sent to jamie@notionthings.com (263/400 today, 44/50 this hour)
[WAIT] 78s before next send...
Sent to editor@notiontour.com (264/400 today, 44/50 this hour)
[WAIT] 70s before next send...
Sent to molly@notionology.com (265/400 today, 44/50 this hour)
[WAIT] 75s before next send...
Sent to kristin@octopusadhdcoaching.com (266/400 today, 44/50 this hour)
[WAIT] 70s before next send...
Sent to TurnthePaigeADHD@gmail.com (267/400 today, 44/50 this hour)
[WAIT] 67s before next send...
Sent to hello@pathpages.com (268/400 today, 44/50 this hour)
[WAIT] 70s before next send...
Sent to patty@addpositivefocus.com (269/400 today, 44/50 this hour)
[WAIT] 68s before next send...
Sent to pressleyadhdcoaching@gmail.com (270/400 today, 45/50 this hour)
[WAIT] 69s before next send...
Sent to rachelyoung.mba@gmail.com (271/400 today, 46/50 this hour)
[WAIT] 74s before next send...
Sent to coachcathy@readysetchoose.com (272/400 today, 47/50 this hour)
[WAIT] 71s before next send...
Sent to aphrodite@riverwalkcounseling.com (273/400 today, 47/50 this hour)
[WAIT] 72s before next send...
Sent to siun@uniquelywiredcoaching.com (274/400 today, 47/50 this hour)
[WAIT] 74s before next send...
Sent to emily@skipcoaching.com (275/400 today, 47/50 this hour)
[BATCH PAUSE] 180s after 275 sends (keeps Gmail happy)...
[WAIT] 72s before next send...
Sent to sammie@speakyall.com (276/400 today, 45/50 this hour)
[WAIT] 70s before next send...
Sent to taylor@taylorallbright.com (277/400 today, 45/50 this hour)
[WAIT] 76s before next send...
Sent to sharon@thefunctionalfamily.com (278/400 today, 45/50 this hour)
[WAIT] 73s before next send...
Sent to lindsay@TheWavyBrain.com (279/400 today, 45/50 this hour)
[WAIT] 67s before next send...
Sent to tzofiyamorris@gmail.com (280/400 today, 45/50 this hour)
[WAIT] 72s before next send...
Sent to jihan@UKADHDCoaching.com (281/400 today, 45/50 this hour)
[WAIT] 75s before next send...
Sent to audrey@audreybutters.com (282/400 today, 45/50 this hour)
[WAIT] 76s before next send...
Sent to vickie@focusedmindstrategies.com (283/400 today, 45/50 this hour)
[WAIT] 67s before next send...
Sent to hello@walkwithchristina.com (284/400 today, 45/50 this hour)
[WAIT] 68s before next send...
Sent to donna@withertynes.com (285/400 today, 45/50 this hour)
[WAIT] 75s before next send...
Sent to rebyehuda.g@gmail.com (286/400 today, 45/50 this hour)
[WAIT] 75s before next send...
Sent to info@youradhdcoach.online (287/400 today, 45/50 this hour)
[WAIT] 77s before next send...
Sent to support@ohamaruri.com (288/400 today, 45/50 this hour)
[WAIT] 69s before next send...
Sent to affiliates@makenotion.com (289/400 today, 45/50 this hour)
[WAIT] 69s before next send...
Sent to anni@additude.com (290/400 today, 45/50 this hour)
[WAIT] 74s before next send...
Sent to app@understood.org (291/400 today, 45/50 this hour)
[WAIT] 77s before next send...
Sent to tools@keepproductive.com (292/400 today, 45/50 this hour)
[WAIT] 67s before next send...
Sent to customer_service@chadd.org (293/400 today, 45/50 this hour)
[WAIT] 80s before next send...
Sent to feedback@craft.do (294/400 today, 45/50 this hour)
[WAIT] 67s before next send...
Sent to contact@rescuetime.com (295/400 today, 45/50 this hour)
[WAIT] 75s before next send...
Sent to media@understood.org (296/400 today, 46/50 this hour)
[WAIT] 67s before next send...
Sent to hello@getinflow.io (297/400 today, 47/50 this hour)
[WAIT] 75s before next send...
Sent to anylab@anytype.io (298/400 today, 47/50 this hour)
[WAIT] 69s before next send...
Sent to marketing@lunatask.app (299/400 today, 47/50 this hour)
[WAIT] 78s before next send...
Sent to hello@scrintal.com (300/400 today, 47/50 this hour)
[BATCH PAUSE] 180s after 300 sends (keeps Gmail happy)...
[WAIT] 72s before next send...
Sent to ananyaa.verma2@gmail.com (301/400 today, 45/50 this hour)
[WAIT] 68s before next send...
Sent to dilrubaey@gmail.com (302/400 today, 45/50 this hour)
[WAIT] 74s before next send...
Sent to hello@dianalunzer.com (303/400 today, 45/50 this hour)
[WAIT] 75s before next send...
Sent to heyelgarouri@gmail.com (304/400 today, 45/50 this hour)
[WAIT] 75s before next send...
Sent to katie@Konduitoperations.com (305/400 today, 45/50 this hour)
[WAIT] 70s before next send...
Sent to contact@nocto-solutions.fr (306/400 today, 45/50 this hour)
[WAIT] 67s before next send...
Sent to contact@thenotionbase.com (307/400 today, 45/50 this hour)
[WAIT] 67s before next send...
Sent to ecaterina_sirbu@yahoo.com (308/400 today, 45/50 this hour)
[WAIT] 69s before next send...
Sent to saloni.iitd@gmail.com (309/400 today, 45/50 this hour)
[WAIT] 68s before next send...
Sent to support@notionzen.com (310/400 today, 45/50 this hour)
[WAIT] 70s before next send...
Sent to enquiry@opptymizer.com (311/400 today, 45/50 this hour)
[WAIT] 71s before next send...
Sent to hello@haystudio.space (312/400 today, 45/50 this hour)
[WAIT] 72s before next send...
Sent to hi@unmutework.com (313/400 today, 45/50 this hour)

Done. Sent 313 this run (313/400 in last 24h).
SMTP: blacksheepdesignscontact@gmail.com via smtp.gmail.com:587
Gmail send policy:
  Daily max:     400 (Gmail hard limit: 500/rolling 24h)
  Hourly max:    50
  Warmup delays: 120s→90s→72s between sends (+ jitter)
  Batch pause:   180s every 25 sends
Sent last 24h: 313/400
List (future): 200 creators, 200 with public emails
Sendable now (high/medium email): 87

Previewing 3 of 87 email(s):

--- [1] Aethr. <borysenkosviat@gmail.com> (8000 subs) ---
  Greeting: Hi Aethr.,
Hi Aethr.,

I've been watching your Notion templates, productivity/PKM content — especially your work around Notion and executive dysfunction.

I'm launching Focus Dock — a short PDF for viewers who keep abandoning ADHD Notion setups. It's not another template; it's a recovery protocol (minimal databases, executive-dysfunction-friendly tasks, no streak guilt). Complements what you already teach.

...

--- [2] ahmadhzark <ahmadhzarkwork@gmail.com> (8000 subs) ---
  Greeting: Hi ahmadhzark,
Hi ahmadhzark,

I've been watching your Notion templates, productivity/PKM content — especially your work around Notion and executive dysfunction.

I'm launching Focus Dock — a short PDF for viewers who keep abandoning ADHD Notion setups. It's not another template; it's a recovery protocol (minimal databases, executive-dysfunction-friendly tasks, no streak guilt). Complements what you already teac...

--- [3] Airo <Aironotion@gmail.com> (8000 subs) ---
  Greeting: Hi Airo,
Hi Airo,

I've been watching your Notion templates, productivity/PKM content — especially your work around Notion and executive dysfunction.

I'm launching Focus Dock — a short PDF for viewers who keep abandoning ADHD Notion setups. It's not another template; it's a recovery protocol (minimal databases, executive-dysfunction-friendly tasks, no streak guilt). Complements what you already teach.

If...

[SENDING] Starting outreach to 87 contacts...
Sent to borysenkosviat@gmail.com (314/400 today, 1/50 this hour)
[WAIT] 74s before next send...
Sent to ahmadhzarkwork@gmail.com (315/400 today, 2/50 this hour)
[WAIT] 69s before next send...
Sent to Aironotion@gmail.com (316/400 today, 3/50 this hour)
[WAIT] 73s before next send...
Sent to rexalirz72@gmail.com (317/400 today, 4/50 this hour)
[WAIT] 79s before next send...
Sent to amiic.dev@gmail.com (318/400 today, 5/50 this hour)
[WAIT] 79s before next send...
Sent to afirsova.design@gmail.com (319/400 today, 6/50 this hour)
[WAIT] 75s before next send...
Sent to analouridofernandez4@gmail.com (320/400 today, 7/50 this hour)
[WAIT] 76s before next send...
Sent to anmar727@gmail.com (321/400 today, 8/50 this hour)
[WAIT] 79s before next send...
Sent to annycrosses@outlook.com (322/400 today, 9/50 this hour)
[WAIT] 78s before next send...
Sent to anusha.dazed@gmail.com (323/400 today, 10/50 this hour)
[WAIT] 78s before next send...
Sent to arthursantana99@gmail.com (324/400 today, 11/50 this hour)
[WAIT] 77s before next send...
Sent to ashdiamond1727@gmail.com (325/400 today, 12/50 this hour)
[WAIT] 69s before next send...
Sent to askgranie@gmail.com (326/400 today, 13/50 this hour)
[WAIT] 73s before next send...
Sent to asmitavinod9@gmail.com (327/400 today, 14/50 this hour)
[WAIT] 79s before next send...
Sent to audreyannagoddard@gmail.com (328/400 today, 15/50 this hour)
[WAIT] 80s before next send...
Sent to averra.workplace@gmail.com (329/400 today, 16/50 this hour)
[WAIT] 68s before next send...
Sent to averyskitchenstudio@gmail.com (330/400 today, 17/50 this hour)
[WAIT] 80s before next send...
Sent to aiaruk698@gmail.com (331/400 today, 18/50 this hour)
[WAIT] 80s before next send...
Sent to benjaminarthur936@gmail.com (332/400 today, 19/50 this hour)
[WAIT] 78s before next send...
Sent to blair.safespace11@gmail.com (333/400 today, 20/50 this hour)
[WAIT] 79s before next send...
Sent to hi@bluebonehq.com (334/400 today, 21/50 this hour)
[WAIT] 79s before next send...
Sent to brujitalespublishing@gmail.com (335/400 today, 22/50 this hour)
[WAIT] 75s before next send...
Sent to bymag.co@gmail.com (336/400 today, 23/50 this hour)
[WAIT] 69s before next send...
Sent to thatgurlchingguk@gmail.com (337/400 today, 24/50 this hour)
[WAIT] 80s before next send...
Sent to campus.alchemy@gmail.com (338/400 today, 25/50 this hour)
[BATCH PAUSE] 180s after 25 sends (keeps Gmail happy)...
[WAIT] 80s before next send...
Sent to canvadesigns012@gmail.com (339/400 today, 26/50 this hour)
[WAIT] 80s before next send...
Sent to chappiaz@gmail.com (340/400 today, 27/50 this hour)
[WAIT] 76s before next send...
Sent to lallamon64@gmail.com (341/400 today, 28/50 this hour)
[WAIT] 80s before next send...
Sent to chicatea00@gmail.com (342/400 today, 29/50 this hour)
[WAIT] 76s before next send...
Sent to verdeblooms1021@gmail.com (343/400 today, 30/50 this hour)
[WAIT] 73s before next send...
Sent to dearcia.co@gmail.com (344/400 today, 31/50 this hour)
[WAIT] 69s before next send...
Sent to ciennekassado6@gmail.com (345/400 today, 32/50 this hour)
[WAIT] 76s before next send...
Sent to claudeandrew312@gmail.com (346/400 today, 33/50 this hour)
[WAIT] 79s before next send...
Sent to ariphossain365day@gmail.com (347/400 today, 34/50 this hour)
[WAIT] 67s before next send...
Sent to sushmita040997@gmail.com (348/400 today, 35/50 this hour)
[WAIT] 74s before next send...
Sent to curateddigitalcanvas@gmail.com (349/400 today, 35/50 this hour)
[WAIT] 75s before next send...
Sent to cydigitals.co@gmail.com (350/400 today, 35/50 this hour)
[WAIT] 68s before next send...
Sent to Onskm@proton.me (351/400 today, 36/50 this hour)
[WAIT] 75s before next send...
Sent to hey@meetdaniel.me (352/400 today, 36/50 this hour)
[WAIT] 80s before next send...
Sent to debugging.my.brain727@gmail.com (353/400 today, 35/50 this hour)
[WAIT] 76s before next send...
Sent to deecaulcrick@gmail.com (354/400 today, 35/50 this hour)
[WAIT] 67s before next send...
Sent to serolad9080@gmail.com (355/400 today, 35/50 this hour)
[WAIT] 78s before next send...
Sent to hellowayne38here@gmail.com (356/400 today, 36/50 this hour)
[WAIT] 70s before next send...
Sent to Yapruiees@gmail.com (357/400 today, 36/50 this hour)
[WAIT] 79s before next send...
Sent to Erickmassey1@gmail.com (358/400 today, 31/50 this hour)
[WAIT] 77s before next send...
Sent to faatimaomair@gmail.com (359/400 today, 29/50 this hour)
[WAIT] 69s before next send...
Sent to fikriframudiya@gmail.com (360/400 today, 20/50 this hour)
[WAIT] 75s before next send...
Sent to studio.firebrick@gmail.com (361/400 today, 10/50 this hour)
[WAIT] 76s before next send...
Sent to karmahks@proton.me (362/400 today, 10/50 this hour)
[WAIT] 80s before next send...
Sent to templatesbygabi@gmail.com (363/400 today, 10/50 this hour)
[BATCH PAUSE] 180s after 50 sends (keeps Gmail happy)...
[WAIT] 69s before next send...
Sent to gzcb2uk@gmail.com (364/400 today, 9/50 this hour)
[WAIT] 75s before next send...
Sent to cask.23.poses@icloud.com (365/400 today, 9/50 this hour)
[WAIT] 80s before next send...
Sent to gideon@toptonmedia.com (366/400 today, 9/50 this hour)
[WAIT] 74s before next send...
Sent to alix.peyraud@orange.fr (367/400 today, 10/50 this hour)
[WAIT] 76s before next send...
Sent to godledco@gmail.com (368/400 today, 11/50 this hour)
[WAIT] 76s before next send...
Sent to gozedesign@gmail.com (369/400 today, 12/50 this hour)
[WAIT] 70s before next send...
Sent to haleyvillena@gmail.com (370/400 today, 13/50 this hour)
[WAIT] 72s before next send...
Sent to hankeuru@gmail.com (371/400 today, 14/50 this hour)
[WAIT] 77s before next send...
Sent to haydencvold@gmail.com (372/400 today, 15/50 this hour)
[WAIT] 77s before next send...
Sent to hello@contentbyglo.com (373/400 today, 15/50 this hour)
[WAIT] 75s before next send...
Sent to heyrinslife@gmail.com (374/400 today, 16/50 this hour)
[WAIT] 69s before next send...
Sent to hitanotion@gmail.com (375/400 today, 16/50 this hour)
[WAIT] 67s before next send...
Sent to omarhoumhoum17@gmail.com (376/400 today, 17/50 this hour)
[WAIT] 72s before next send...
Sent to hugochinchilla@gmail.com (377/400 today, 18/50 this hour)
[WAIT] 78s before next send...
Sent to hypergnotion@gmail.com (378/400 today, 19/50 this hour)
[WAIT] 80s before next send...
Sent to ezapribadi23@gmail.com (379/400 today, 20/50 this hour)
[WAIT] 80s before next send...
Sent to templates@indify.co (380/400 today, 21/50 this hour)
[WAIT] 70s before next send...
Sent to infinityblockshq@gmail.com (381/400 today, 22/50 this hour)
[WAIT] 77s before next send...
Sent to izzdgls07@gmail.com (382/400 today, 23/50 this hour)
[WAIT] 74s before next send...
Sent to investothemoon@gmail.com (383/400 today, 24/50 this hour)
[WAIT] 74s before next send...
Sent to dzena.omanovic10@gmail.com (384/400 today, 25/50 this hour)
[WAIT] 68s before next send...
Sent to jddesignnz@gmail.com (385/400 today, 26/50 this hour)
[WAIT] 67s before next send...
Sent to Struckmanjessica@gmail.com (386/400 today, 27/50 this hour)
[WAIT] 68s before next send...
Sent to lswjoanna@gmail.com (387/400 today, 28/50 this hour)
[WAIT] 68s before next send...
Sent to hello@jobbyo.ai (388/400 today, 29/50 this hour)
[BATCH PAUSE] 180s after 75 sends (keeps Gmail happy)...
[WAIT] 69s before next send...
Sent to jocelyn.blueberry88@gmail.com (389/400 today, 29/50 this hour)
[WAIT] 74s before next send...
Sent to jijadan@gmail.com (390/400 today, 30/50 this hour)
[WAIT] 71s before next send...
Sent to johnliew79@gmail.com (391/400 today, 31/50 this hour)
[WAIT] 76s before next send...
Sent to j33uli@gmail.com (392/400 today, 32/50 this hour)
[WAIT] 75s before next send...
Sent to julietnwachukwu620@gmail.com (393/400 today, 33/50 this hour)
[WAIT] 68s before next send...
Sent to kaiabo1@outlook.com (394/400 today, 34/50 this hour)
[WAIT] 68s before next send...
Sent to kanpekiuniverse@gmail.com (395/400 today, 35/50 this hour)
[WAIT] 70s before next send...
Sent to notion@karohalik.pl (396/400 today, 36/50 this hour)
[WAIT] 74s before next send...
Sent to kaystudio.notion@gmail.com (397/400 today, 37/50 this hour)
[WAIT] 75s before next send...
Sent to kayleighannamaria@gmail.com (398/400 today, 38/50 this hour)
[WAIT] 73s before next send...
Sent to kn.note.contact@gmail.com (399/400 today, 38/50 this hour)
[WAIT] 68s before next send...
Sent to hellokrishahlawat@gmail.com (400/400 today, 39/50 this hour)

Done. Sent 87 this run (400/400 in last 24h).
